[adtechapp.000webhostapp.com/index.html]
[backblue.gif]
[fade.gif]
[index.html]
[adtechapp.000webhostapp.com/css/bootstrap.min.css]
[adtechapp.000webhostapp.com/js/jquery-1.11.3.min.js]
[adtechapp.000webhostapp.com/js/bootstrap.min.js]
[adtechapp.000webhostapp.com/js/main7016.js]
[adtechapp.000webhostapp.com/css/site9f66.css]
[adtechapp.000webhostapp.com/css/common22d9.css]
[adtechapp.000webhostapp.com/css/122d9.css]
[adtechapp.000webhostapp.com/gallery_gen/7534d748d8bd833acbb26e33fd77e051_75x58.jpg]
[adtechapp.000webhostapp.com/gallery_gen/e3a2c25700094092ef206cb93bcf7ab8_700x530.png]
[adtechapp.000webhostapp.com/gallery_gen/fc885963d690a6787ca787cf208cdd25_128x128.png]
[adtechapp.000webhostapp.com/gallery_gen/262a59a2da89981742f19cd446f7cf8e_128x128.png]
[adtechapp.000webhostapp.com/gallery_gen/d594c3d9fcb035002a541a91121a7541_128x128.jpg]
[adtechapp.000webhostapp.com/Introduction/index.html]
[adtechapp.000webhostapp.com/how-it-works/index.html]
[adtechapp.000webhostapp.com/gallery_gen/5eace340d4b9a9b008fcd928433f4415_128x128.jpg]
[adtechapp.000webhostapp.com/gallery_gen/63d37b93556f568fcb7877016f7e6ede_649x317.jpg]
[cloud.githubusercontent.com/assets/23024110/20663010/9968df22-b55e-11e6-941d-edbc894c2b78.png]
[adtechapp.000webhostapp.com/index.html]
[adtechapp.000webhostapp.com/IoT-components/index.html]
[adtechapp.000webhostapp.com/Accessing-IoT/index.html]
[adtechapp.000webhostapp.com/Reference/index.html]
[adtechapp.000webhostapp.com/fonts/glyphicons-halflings-regular.eot]
[adtechapp.000webhostapp.com/fonts/glyphicons-halflings-regulard41d.eot]
[adtechapp.000webhostapp.com/fonts/glyphicons-halflings-regular.woff]
[adtechapp.000webhostapp.com/fonts/glyphicons-halflings-regular.ttf]
[adtechapp.000webhostapp.com/css/bootstrap.min.css]
[adtechapp.000webhostapp.com/fonts/glyphicons-halflings-regular.svg]
[adtechapp.000webhostapp.com/css/fonts/Capture it.ttf]
[adtechapp.000webhostapp.com/css/fonts/fontawesome-webfont.ttf]
[adtechapp.000webhostapp.com/img/gallery.empty.gif]
[adtechapp.000webhostapp.com/img/gallery.left.png]
[adtechapp.000webhostapp.com/img/gallery.right.png]
[adtechapp.000webhostapp.com/img/gallery.left_h.png]
[adtechapp.000webhostapp.com/img/gallery.right_h.png]
[adtechapp.000webhostapp.com/img/icon-logo.png]
[adtechapp.000webhostapp.com/img/flags_matrix.png]
[adtechapp.000webhostapp.com/img/store-arrow.png]
[adtechapp.000webhostapp.com/css/site9f66.css]
[adtechapp.000webhostapp.com/css/common22d9.css]
[adtechapp.000webhostapp.com/gallery_gen/d965dffa31084817a675f6241fb834f5.jpg]
[adtechapp.000webhostapp.com/gallery_gen/804f3ccf25943e817e83739e7cc4a661.png]
[adtechapp.000webhostapp.com/css/122d9.css]
[adtechapp.000webhostapp.com/Home/index.html]
[adtechapp.000webhostapp.com/Introduction/index.html]
[adtechapp.000webhostapp.com/css/422d9.css]
[adtechapp.000webhostapp.com/css/522d9.css]
[adtechapp.000webhostapp.com/gallery_gen/99de300ad3e08ae45cd12a59051935ef_560x270.png]
[adtechapp.000webhostapp.com/gallery_gen/45db8cf74d20e478f0ec812f96fe387c_1000x585.png]
[adtechapp.000webhostapp.com/how-it-works/index.html]
[adtechapp.000webhostapp.com/css/622d9.css]
[adtechapp.000webhostapp.com/gallery_gen/8a42a3b72953b8dc09ebcdde5f806291_560x270.png]
[adtechapp.000webhostapp.com/gallery_gen/db989ab117c62ffb574596aa9d0f9a8e_790x350.png]
[adtechapp.000webhostapp.com/IoT-components/index.html]
[adtechapp.000webhostapp.com/Accessing-IoT/index.html]
[adtechapp.000webhostapp.com/css/722d9.css]
[adtechapp.000webhostapp.com/Reference/index.html]
[adtechapp.000webhostapp.com/fonts/glyphicons-halflings-regular.html]
[adtechapp.000webhostapp.com/fonts/glyphicons-halflings-regular.svg]
[adtechapp.000webhostapp.com/img/gallery.empty.html]
[adtechapp.000webhostapp.com/img/gallery.left.html]
[adtechapp.000webhostapp.com/img/gallery.right.html]
[adtechapp.000webhostapp.com/img/gallery.left_h.html]
[adtechapp.000webhostapp.com/img/gallery.right_h.html]
[adtechapp.000webhostapp.com/img/icon-logo.html]
[adtechapp.000webhostapp.com/img/flags_matrix.html]
[adtechapp.000webhostapp.com/img/store-arrow.html]
[adtechapp.000webhostapp.com/css/222d9.css]
[adtechapp.000webhostapp.com/img/hlight_bg.png]
[adtechapp.000webhostapp.com/gallery_gen/031a511a53ecafd97295833f36c013fe.png]
[adtechapp.000webhostapp.com/css/422d9.css]
[adtechapp.000webhostapp.com/css/522d9.css]
[adtechapp.000webhostapp.com/css/622d9.css]
[adtechapp.000webhostapp.com/css/722d9.css]
[adtechapp.000webhostapp.com/css/222d9.css]
[adtechapp.000webhostapp.com/img/hlight_bg.png]
[adtechapp.000webhostapp.com/css/gallery/vintage_footer.jpg]
[adtechapp.000webhostapp.com/css/gallery/vintage_footer.jpg]
